// Vitest Snapshot v1, https://vitest.dev/guide/snapshot.html

exports[`nation gold per minute > world map, impossible nations, 20 minutes 1`] = `
{
  "aliveNations": 39,
  "perMinute": [
    {
      "cities": 0,
      "factories": 0,
      "minute": 1,
      "ports": 0,
      "shipsArrived": 0,
      "tradeGold": 0,
      "tradeShipsAtSea": 0,
      "trainGold": 0,
      "trainStops": 0,
      "trainsRunning": 0,
    },
    {
      "cities": 2,
      "factories": 0,
      "minute": 2,
      "ports": 0,
      "shipsArrived": 0,
      "tradeGold": 0,
      "tradeShipsAtSea": 0,
      "trainGold": 0,
      "trainStops": 0,
      "trainsRunning": 0,
    },
    {
      "cities": 60,
      "factories": 0,
      "minute": 3,
      "ports": 1,
      "shipsArrived": 0,
      "tradeGold": 0,
      "tradeShipsAtSea": 0,
      "trainGold": 0,
      "trainStops": 0,
      "trainsRunning": 0,
    },
    {
      "cities": 60,
      "factories": 0,
      "minute": 4,
      "ports": 6,
      "shipsArrived": 0,
      "tradeGold": 0,
      "tradeShipsAtSea": 7,
      "trainGold": 0,
      "trainStops": 0,
      "trainsRunning": 0,
    },
    {
      "cities": 64,
      "factories": 1,
      "minute": 5,
      "ports": 13,
      "shipsArrived": 1,
      "tradeGold": 208600,
      "tradeShipsAtSea": 61,
      "trainGold": 0,
      "trainStops": 0,
      "trainsRunning": 0,
    },
    {
      "cities": 71,
      "factories": 4,
      "minute": 6,
      "ports": 18,
      "shipsArrived": 25,
      "tradeGold": 5288000,
      "tradeShipsAtSea": 122,
      "trainGold": 710000,
      "trainStops": 23,
      "trainsRunning": 7,
    },
    {
      "cities": 77,
      "factories": 4,
      "minute": 7,
      "ports": 23,
      "shipsArrived": 60,
      "tradeGold": 13430000,
      "tradeShipsAtSea": 156,
      "trainGold": 690000,
      "trainStops": 29,
      "trainsRunning": 0,
    },
    {
      "cities": 79,
      "factories": 4,
      "minute": 8,
      "ports": 27,
      "shipsArrived": 87,
      "tradeGold": 20820000,
      "tradeShipsAtSea": 176,
      "trainGold": 350000,
      "trainStops": 25,
      "trainsRunning": 21,
    },
    {
      "cities": 87,
      "factories": 6,
      "minute": 9,
      "ports": 28,
      "shipsArrived": 71,
      "tradeGold": 18380000,
      "tradeShipsAtSea": 218,
      "trainGold": 907500,
      "trainStops": 47,
      "trainsRunning": 42,
    },
    {
      "cities": 94,
      "factories": 7,
      "minute": 10,
      "ports": 33,
      "shipsArrived": 83,
      "tradeGold": 23920000,
      "tradeShipsAtSea": 232,
      "trainGold": 1572000,
      "trainStops": 72,
      "trainsRunning": 42,
    },
    {
      "cities": 89,
      "factories": 9,
      "minute": 11,
      "ports": 33,
      "shipsArrived": 94,
      "tradeGold": 26750000,
      "tradeShipsAtSea": 255,
      "trainGold": 1178000,
      "trainStops": 68,
      "trainsRunning": 35,
    },
    {
      "cities": 95,
      "factories": 10,
      "minute": 12,
      "ports": 38,
      "shipsArrived": 103,
      "tradeGold": 28510000,
      "tradeShipsAtSea": 264,
      "trainGold": 4982000,
      "trainStops": 120,
      "trainsRunning": 77,
    },
    {
      "cities": 94,
      "factories": 11,
      "minute": 13,
      "ports": 43,
      "shipsArrived": 101,
      "tradeGold": 27870000,
      "tradeShipsAtSea": 253,
      "trainGold": 6689000,
      "trainStops": 136,
      "trainsRunning": 84,
    },
    {
      "cities": 94,
      "factories": 13,
      "minute": 14,
      "ports": 42,
      "shipsArrived": 117,
      "tradeGold": 29420000,
      "tradeShipsAtSea": 279,
      "trainGold": 6583000,
      "trainStops": 140,
      "trainsRunning": 42,
    },
    {
      "cities": 98,
      "factories": 14,
      "minute": 15,
      "ports": 43,
      "shipsArrived": 129,
      "tradeGold": 32880000,
      "tradeShipsAtSea": 270,
      "trainGold": 4295000,
      "trainStops": 114,
      "trainsRunning": 84,
    },
    {
      "cities": 96,
      "factories": 15,
      "minute": 16,
      "ports": 42,
      "shipsArrived": 145,
      "tradeGold": 33710000,
      "tradeShipsAtSea": 305,
      "trainGold": 3132000,
      "trainStops": 87,
      "trainsRunning": 35,
    },
    {
      "cities": 92,
      "factories": 15,
      "minute": 17,
      "ports": 41,
      "shipsArrived": 165,
      "tradeGold": 41110000,
      "tradeShipsAtSea": 291,
      "trainGold": 3638000,
      "trainStops": 88,
      "trainsRunning": 63,
    },
    {
      "cities": 91,
      "factories": 14,
      "minute": 18,
      "ports": 42,
      "shipsArrived": 163,
      "tradeGold": 36090000,
      "tradeShipsAtSea": 307,
      "trainGold": 5327000,
      "trainStops": 125,
      "trainsRunning": 84,
    },
    {
      "cities": 90,
      "factories": 14,
      "minute": 19,
      "ports": 42,
      "shipsArrived": 150,
      "tradeGold": 38280000,
      "tradeShipsAtSea": 319,
      "trainGold": 7320000,
      "trainStops": 147,
      "trainsRunning": 49,
    },
    {
      "cities": 91,
      "factories": 14,
      "minute": 20,
      "ports": 42,
      "shipsArrived": 169,
      "tradeGold": 42970000,
      "tradeShipsAtSea": 295,
      "trainGold": 7102000,
      "trainStops": 142,
      "trainsRunning": 56,
    },
  ],
  "totals": {
    "shipsArrived": 1663,
    "tradeGold": 419600000,
    "trainGold": 54470000,
    "trainStops": 1363,
  },
}
`;
