// Vitest Snapshot v1, https://vitest.dev/guide/snapshot.html

exports[`nation gold per minute > world map, impossible nations, 20 minutes 1`] = `
{
  "aliveNations": 29,
  "perMinute": [
    {
      "cities": 0,
      "factories": 0,
      "minute": 1,
      "ports": 0,
      "shipsArrived": 0,
      "tradeGold": 0,
      "tradeShipsAtSea": 0,
      "trainGold": 0,
      "trainStops": 0,
      "trainsRunning": 0,
    },
    {
      "cities": 2,
      "factories": 0,
      "minute": 2,
      "ports": 0,
      "shipsArrived": 0,
      "tradeGold": 0,
      "tradeShipsAtSea": 0,
      "trainGold": 0,
      "trainStops": 0,
      "trainsRunning": 0,
    },
    {
      "cities": 60,
      "factories": 0,
      "minute": 3,
      "ports": 1,
      "shipsArrived": 0,
      "tradeGold": 0,
      "tradeShipsAtSea": 0,
      "trainGold": 0,
      "trainStops": 0,
      "trainsRunning": 0,
    },
    {
      "cities": 60,
      "factories": 0,
      "minute": 4,
      "ports": 6,
      "shipsArrived": 0,
      "tradeGold": 0,
      "tradeShipsAtSea": 7,
      "trainGold": 0,
      "trainStops": 0,
      "trainsRunning": 0,
    },
    {
      "cities": 64,
      "factories": 1,
      "minute": 5,
      "ports": 13,
      "shipsArrived": 1,
      "tradeGold": 208600,
      "tradeShipsAtSea": 61,
      "trainGold": 0,
      "trainStops": 0,
      "trainsRunning": 0,
    },
    {
      "cities": 71,
      "factories": 4,
      "minute": 6,
      "ports": 18,
      "shipsArrived": 25,
      "tradeGold": 5288000,
      "tradeShipsAtSea": 122,
      "trainGold": 700000,
      "trainStops": 22,
      "trainsRunning": 14,
    },
    {
      "cities": 77,
      "factories": 4,
      "minute": 7,
      "ports": 22,
      "shipsArrived": 60,
      "tradeGold": 13430000,
      "tradeShipsAtSea": 155,
      "trainGold": 640000,
      "trainStops": 28,
      "trainsRunning": 0,
    },
    {
      "cities": 78,
      "factories": 5,
      "minute": 8,
      "ports": 27,
      "shipsArrived": 83,
      "tradeGold": 21650000,
      "tradeShipsAtSea": 160,
      "trainGold": 430000,
      "trainStops": 25,
      "trainsRunning": 21,
    },
    {
      "cities": 83,
      "factories": 7,
      "minute": 9,
      "ports": 27,
      "shipsArrived": 80,
      "tradeGold": 19600000,
      "tradeShipsAtSea": 168,
      "trainGold": 1118000,
      "trainStops": 44,
      "trainsRunning": 35,
    },
    {
      "cities": 91,
      "factories": 11,
      "minute": 10,
      "ports": 28,
      "shipsArrived": 81,
      "tradeGold": 19580000,
      "tradeShipsAtSea": 211,
      "trainGold": 2420000,
      "trainStops": 72,
      "trainsRunning": 63,
    },
    {
      "cities": 96,
      "factories": 12,
      "minute": 11,
      "ports": 31,
      "shipsArrived": 88,
      "tradeGold": 22500000,
      "tradeShipsAtSea": 224,
      "trainGold": 5020000,
      "trainStops": 105,
      "trainsRunning": 70,
    },
    {
      "cities": 98,
      "factories": 12,
      "minute": 12,
      "ports": 34,
      "shipsArrived": 102,
      "tradeGold": 26600000,
      "tradeShipsAtSea": 237,
      "trainGold": 3510000,
      "trainStops": 95,
      "trainsRunning": 49,
    },
    {
      "cities": 99,
      "factories": 13,
      "minute": 13,
      "ports": 37,
      "shipsArrived": 93,
      "tradeGold": 25850000,
      "tradeShipsAtSea": 247,
      "trainGold": 2650000,
      "trainStops": 87,
      "trainsRunning": 56,
    },
    {
      "cities": 100,
      "factories": 14,
      "minute": 14,
      "ports": 40,
      "shipsArrived": 93,
      "tradeGold": 25840000,
      "tradeShipsAtSea": 246,
      "trainGold": 3960000,
      "trainStops": 123,
      "trainsRunning": 70,
    },
    {
      "cities": 95,
      "factories": 13,
      "minute": 15,
      "ports": 42,
      "shipsArrived": 97,
      "tradeGold": 24680000,
      "tradeShipsAtSea": 276,
      "trainGold": 2360000,
      "trainStops": 121,
      "trainsRunning": 84,
    },
    {
      "cities": 94,
      "factories": 14,
      "minute": 16,
      "ports": 42,
      "shipsArrived": 98,
      "tradeGold": 26140000,
      "tradeShipsAtSea": 267,
      "trainGold": 1750000,
      "trainStops": 115,
      "trainsRunning": 77,
    },
    {
      "cities": 90,
      "factories": 13,
      "minute": 17,
      "ports": 40,
      "shipsArrived": 128,
      "tradeGold": 33320000,
      "tradeShipsAtSea": 282,
      "trainGold": 1360000,
      "trainStops": 80,
      "trainsRunning": 70,
    },
    {
      "cities": 92,
      "factories": 13,
      "minute": 18,
      "ports": 40,
      "shipsArrived": 146,
      "tradeGold": 34970000,
      "tradeShipsAtSea": 264,
      "trainGold": 1790000,
      "trainStops": 123,
      "trainsRunning": 63,
    },
    {
      "cities": 90,
      "factories": 14,
      "minute": 19,
      "ports": 39,
      "shipsArrived": 124,
      "tradeGold": 32410000,
      "tradeShipsAtSea": 248,
      "trainGold": 1520000,
      "trainStops": 115,
      "trainsRunning": 35,
    },
    {
      "cities": 89,
      "factories": 16,
      "minute": 20,
      "ports": 37,
      "shipsArrived": 143,
      "tradeGold": 29400000,
      "tradeShipsAtSea": 259,
      "trainGold": 1200000,
      "trainStops": 92,
      "trainsRunning": 35,
    },
  ],
  "totals": {
    "shipsArrived": 1442,
    "tradeGold": 361500000,
    "trainGold": 30430000,
    "trainStops": 1247,
  },
}
`;
