// Vitest Snapshot v1, https://vitest.dev/guide/snapshot.html

exports[`nation gold per minute > world map, impossible nations, 20 minutes 1`] = `
{
  "aliveNations": 36,
  "perMinute": [
    {
      "cities": 0,
      "factories": 0,
      "minute": 1,
      "ports": 0,
      "shipsArrived": 0,
      "tradeGold": 0,
      "tradeShipsAtSea": 0,
      "trainGold": 0,
      "trainStops": 0,
      "trainsRunning": 0,
    },
    {
      "cities": 2,
      "factories": 0,
      "minute": 2,
      "ports": 0,
      "shipsArrived": 0,
      "tradeGold": 0,
      "tradeShipsAtSea": 0,
      "trainGold": 0,
      "trainStops": 0,
      "trainsRunning": 0,
    },
    {
      "cities": 60,
      "factories": 0,
      "minute": 3,
      "ports": 1,
      "shipsArrived": 0,
      "tradeGold": 0,
      "tradeShipsAtSea": 0,
      "trainGold": 0,
      "trainStops": 0,
      "trainsRunning": 0,
    },
    {
      "cities": 60,
      "factories": 0,
      "minute": 4,
      "ports": 6,
      "shipsArrived": 0,
      "tradeGold": 0,
      "tradeShipsAtSea": 7,
      "trainGold": 0,
      "trainStops": 0,
      "trainsRunning": 0,
    },
    {
      "cities": 64,
      "factories": 1,
      "minute": 5,
      "ports": 13,
      "shipsArrived": 1,
      "tradeGold": 208600,
      "tradeShipsAtSea": 61,
      "trainGold": 0,
      "trainStops": 0,
      "trainsRunning": 0,
    },
    {
      "cities": 71,
      "factories": 4,
      "minute": 6,
      "ports": 18,
      "shipsArrived": 25,
      "tradeGold": 5288000,
      "tradeShipsAtSea": 123,
      "trainGold": 810000,
      "trainStops": 27,
      "trainsRunning": 14,
    },
    {
      "cities": 77,
      "factories": 4,
      "minute": 7,
      "ports": 24,
      "shipsArrived": 62,
      "tradeGold": 13870000,
      "tradeShipsAtSea": 152,
      "trainGold": 1010000,
      "trainStops": 37,
      "trainsRunning": 7,
    },
    {
      "cities": 82,
      "factories": 6,
      "minute": 8,
      "ports": 29,
      "shipsArrived": 78,
      "tradeGold": 19250000,
      "tradeShipsAtSea": 165,
      "trainGold": 940000,
      "trainStops": 36,
      "trainsRunning": 21,
    },
    {
      "cities": 85,
      "factories": 8,
      "minute": 9,
      "ports": 31,
      "shipsArrived": 84,
      "tradeGold": 21570000,
      "tradeShipsAtSea": 189,
      "trainGold": 1853000,
      "trainStops": 58,
      "trainsRunning": 14,
    },
    {
      "cities": 86,
      "factories": 12,
      "minute": 10,
      "ports": 31,
      "shipsArrived": 92,
      "tradeGold": 21880000,
      "tradeShipsAtSea": 227,
      "trainGold": 3355000,
      "trainStops": 93,
      "trainsRunning": 42,
    },
    {
      "cities": 88,
      "factories": 12,
      "minute": 11,
      "ports": 34,
      "shipsArrived": 111,
      "tradeGold": 27890000,
      "tradeShipsAtSea": 251,
      "trainGold": 3213000,
      "trainStops": 98,
      "trainsRunning": 56,
    },
    {
      "cities": 91,
      "factories": 14,
      "minute": 12,
      "ports": 35,
      "shipsArrived": 117,
      "tradeGold": 30410000,
      "tradeShipsAtSea": 216,
      "trainGold": 3938000,
      "trainStops": 115,
      "trainsRunning": 98,
    },
    {
      "cities": 92,
      "factories": 15,
      "minute": 13,
      "ports": 36,
      "shipsArrived": 100,
      "tradeGold": 26130000,
      "tradeShipsAtSea": 238,
      "trainGold": 4780000,
      "trainStops": 134,
      "trainsRunning": 49,
    },
    {
      "cities": 87,
      "factories": 12,
      "minute": 14,
      "ports": 38,
      "shipsArrived": 104,
      "tradeGold": 25740000,
      "tradeShipsAtSea": 261,
      "trainGold": 3783000,
      "trainStops": 97,
      "trainsRunning": 42,
    },
    {
      "cities": 83,
      "factories": 14,
      "minute": 15,
      "ports": 41,
      "shipsArrived": 117,
      "tradeGold": 28820000,
      "tradeShipsAtSea": 261,
      "trainGold": 4070000,
      "trainStops": 106,
      "trainsRunning": 70,
    },
    {
      "cities": 83,
      "factories": 17,
      "minute": 16,
      "ports": 45,
      "shipsArrived": 139,
      "tradeGold": 32670000,
      "tradeShipsAtSea": 265,
      "trainGold": 4130000,
      "trainStops": 128,
      "trainsRunning": 84,
    },
    {
      "cities": 84,
      "factories": 16,
      "minute": 17,
      "ports": 46,
      "shipsArrived": 151,
      "tradeGold": 36710000,
      "tradeShipsAtSea": 279,
      "trainGold": 4093000,
      "trainStops": 125,
      "trainsRunning": 98,
    },
    {
      "cities": 85,
      "factories": 16,
      "minute": 18,
      "ports": 48,
      "shipsArrived": 177,
      "tradeGold": 38010000,
      "tradeShipsAtSea": 311,
      "trainGold": 3803000,
      "trainStops": 130,
      "trainsRunning": 56,
    },
    {
      "cities": 86,
      "factories": 19,
      "minute": 19,
      "ports": 49,
      "shipsArrived": 178,
      "tradeGold": 38960000,
      "tradeShipsAtSea": 316,
      "trainGold": 2400000,
      "trainStops": 97,
      "trainsRunning": 70,
    },
    {
      "cities": 85,
      "factories": 18,
      "minute": 20,
      "ports": 52,
      "shipsArrived": 181,
      "tradeGold": 39060000,
      "tradeShipsAtSea": 315,
      "trainGold": 5160000,
      "trainStops": 144,
      "trainsRunning": 49,
    },
  ],
  "totals": {
    "shipsArrived": 1717,
    "tradeGold": 406500000,
    "trainGold": 47340000,
    "trainStops": 1425,
  },
}
`;
